// Vitest Snapshot v1, https://vitest.dev/guide/snapshot.html

exports[`AppSidebar > renders correctly 1`] = `
{
  "then": [Function],
}
`;
